Archive member included to satisfy reference by file (symbol)

c:/devkitPro/libgba/lib\libgba.a(input.o)
                              rpgmap.o (setRepeat)
c:/devkitPro/libgba/lib\libgba.a(interrupt.o)
                              rpgmap.o (irqInit)
c:/devkitPro/libgba/lib\libgba.a(InterruptDispatcher.o)
                              c:/devkitPro/libgba/lib\libgba.a(interrupt.o) (IntrMain)
c:/devkitpro/devkitarm/bin/../lib/gcc/arm-none-eabi/5.3.0/../../../../arm-none-eabi/lib/thumb\libg.a(lib_a-init.o)
                              c:/devkitpro/devkitarm/bin/../lib/gcc/arm-none-eabi/5.3.0/../../../../arm-none-eabi/lib/thumb/gba_crt0.o (__libc_init_array)
c:/devkitpro/devkitarm/bin/../lib/gcc/arm-none-eabi/5.3.0/../../../../arm-none-eabi/lib/thumb\libg.a(lib_a-memcpy.o)
                              rpgmap.o (memcpy)
c:/devkitpro/devkitarm/bin/../lib/gcc/arm-none-eabi/5.3.0/../../../../arm-none-eabi/lib/thumb\libsysbase.a(malloc_vars.o)
                              c:/devkitpro/devkitarm/bin/../lib/gcc/arm-none-eabi/5.3.0/../../../../arm-none-eabi/lib/thumb/gba_crt0.o (fake_heap_end)

Allocating common symbols
Common symbol       size              file

IntrTable           0x78              c:/devkitPro/libgba/lib\libgba.a(interrupt.o)
obj_buffer          0x400             rpgmap.o

Discarded input sections

 .text          0x00000000        0x0 c:/devkitpro/devkitarm/bin/../lib/gcc/arm-none-eabi/5.3.0/../../../../arm-none-eabi/lib/thumb/gba_crt0.o
 .data          0x00000000        0x0 c:/devkitpro/devkitarm/bin/../lib/gcc/arm-none-eabi/5.3.0/../../../../arm-none-eabi/lib/thumb/gba_crt0.o
 .bss           0x00000000        0x0 c:/devkitpro/devkitarm/bin/../lib/gcc/arm-none-eabi/5.3.0/../../../../arm-none-eabi/lib/thumb/gba_crt0.o
 .text          0x00000000        0x0 c:/devkitpro/devkitarm/bin/../lib/gcc/arm-none-eabi/5.3.0/thumb/crti.o
 .data          0x00000000        0x0 c:/devkitpro/devkitarm/bin/../lib/gcc/arm-none-eabi/5.3.0/thumb/crti.o
 .bss           0x00000000        0x0 c:/devkitpro/devkitarm/bin/../lib/gcc/arm-none-eabi/5.3.0/thumb/crti.o
 .data          0x00000000        0x4 c:/devkitpro/devkitarm/bin/../lib/gcc/arm-none-eabi/5.3.0/thumb/crtbegin.o
 .text          0x00000000        0x0 characters.o
 .data          0x00000000        0x0 characters.o
 .bss           0x00000000        0x0 characters.o
 .text          0x00000000       0x54 rpgmap.o
 .data          0x00000000        0x0 rpgmap.o
 .bss           0x00000000        0x0 rpgmap.o
 .rodata        0x00000000        0x4 rpgmap.o
 .text          0x00000000        0x0 tiles.o
 .data          0x00000000        0x0 tiles.o
 .bss           0x00000000        0x0 tiles.o
 .data          0x00000000        0x0 c:/devkitPro/libgba/lib\libgba.a(interrupt.o)
 .bss           0x00000000        0x0 c:/devkitPro/libgba/lib\libgba.a(interrupt.o)
 .text          0x00000000        0x0 c:/devkitPro/libgba/lib\libgba.a(InterruptDispatcher.o)
 .data          0x00000000        0x0 c:/devkitPro/libgba/lib\libgba.a(InterruptDispatcher.o)
 .bss           0x00000000        0x0 c:/devkitPro/libgba/lib\libgba.a(InterruptDispatcher.o)
 .text          0x00000000        0x0 c:/devkitpro/devkitarm/bin/../lib/gcc/arm-none-eabi/5.3.0/../../../../arm-none-eabi/lib/thumb\libg.a(lib_a-init.o)
 .data          0x00000000        0x0 c:/devkitpro/devkitarm/bin/../lib/gcc/arm-none-eabi/5.3.0/../../../../arm-none-eabi/lib/thumb\libg.a(lib_a-init.o)
 .bss           0x00000000        0x0 c:/devkitpro/devkitarm/bin/../lib/gcc/arm-none-eabi/5.3.0/../../../../arm-none-eabi/lib/thumb\libg.a(lib_a-init.o)
 .text          0x00000000        0x0 c:/devkitpro/devkitarm/bin/../lib/gcc/arm-none-eabi/5.3.0/../../../../arm-none-eabi/lib/thumb\libg.a(lib_a-memcpy.o)
 .data          0x00000000        0x0 c:/devkitpro/devkitarm/bin/../lib/gcc/arm-none-eabi/5.3.0/../../../../arm-none-eabi/lib/thumb\libg.a(lib_a-memcpy.o)
 .bss           0x00000000        0x0 c:/devkitpro/devkitarm/bin/../lib/gcc/arm-none-eabi/5.3.0/../../../../arm-none-eabi/lib/thumb\libg.a(lib_a-memcpy.o)
 .text          0x00000000        0x0 c:/devkitpro/devkitarm/bin/../lib/gcc/arm-none-eabi/5.3.0/../../../../arm-none-eabi/lib/thumb\libsysbase.a(malloc_vars.o)
 .data          0x00000000        0x0 c:/devkitpro/devkitarm/bin/../lib/gcc/arm-none-eabi/5.3.0/../../../../arm-none-eabi/lib/thumb\libsysbase.a(malloc_vars.o)
 .text          0x00000000        0x0 c:/devkitpro/devkitarm/bin/../lib/gcc/arm-none-eabi/5.3.0/thumb/crtend.o
 .data          0x00000000        0x0 c:/devkitpro/devkitarm/bin/../lib/gcc/arm-none-eabi/5.3.0/thumb/crtend.o
 .bss           0x00000000        0x0 c:/devkitpro/devkitarm/bin/../lib/gcc/arm-none-eabi/5.3.0/thumb/crtend.o
 .text          0x00000000        0x0 c:/devkitpro/devkitarm/bin/../lib/gcc/arm-none-eabi/5.3.0/thumb/crtn.o
 .data          0x00000000        0x0 c:/devkitpro/devkitarm/bin/../lib/gcc/arm-none-eabi/5.3.0/thumb/crtn.o
 .bss           0x00000000        0x0 c:/devkitpro/devkitarm/bin/../lib/gcc/arm-none-eabi/5.3.0/thumb/crtn.o

Memory Configuration

Name             Origin             Length             Attributes
rom              0x08000000         0x02000000
iwram            0x03000000         0x00008000
ewram            0x02000000         0x00040000
*default*        0x00000000         0xffffffff

Linker script and memory map

                0x02000000                __text_start = ORIGIN (ewram)
                0x02040000                __eheap_end = (ORIGIN (ewram) + 0x40000)
                0x03000000                __iwram_start = ORIGIN (iwram)
                0x03008000                __iwram_top = (ORIGIN (iwram) + 0x8000)
                0x03007fa0                __sp_irq = (__iwram_top - 0x60)
                0x03007f00                __sp_usr = (__sp_irq - 0xa0)
                0x03007ff8                __irq_flags = 0x3007ff8
                0x02000000                . = __text_start

.init           0x02000000      0x21c
 *(.init)
 .init          0x02000000      0x210 c:/devkitpro/devkitarm/bin/../lib/gcc/arm-none-eabi/5.3.0/../../../../arm-none-eabi/lib/thumb/gba_crt0.o
                0x02000000                _start
                0x020000c4                __boot_method
                0x020000c5                __slave_number
                0x020000e0                start_vector
 .init          0x02000210        0x4 c:/devkitpro/devkitarm/bin/../lib/gcc/arm-none-eabi/5.3.0/thumb/crti.o
                0x02000210                _init
 .init          0x02000214        0x8 c:/devkitpro/devkitarm/bin/../lib/gcc/arm-none-eabi/5.3.0/thumb/crtn.o
                0x0200021c                . = ALIGN (0x4)

.plt            0x0200021c        0x0
 *(.plt)
                0x0200021c                . = ALIGN (0x4)

.text           0x0200021c      0x758
 *(EXCLUDE_FILE(*.iwram*) .text)
 .text          0x0200021c       0xd4 c:/devkitpro/devkitarm/bin/../lib/gcc/arm-none-eabi/5.3.0/thumb/crtbegin.o
 .text          0x020002f0      0x140 c:/devkitPro/libgba/lib\libgba.a(input.o)
                0x020002f0                setRepeat
                0x02000304                scanKeys
                0x020003d8                keysDownRepeat
                0x020003f0                keysDown
                0x02000408                keysUp
                0x02000420                keysHeld
 .text          0x02000430      0x2b8 c:/devkitPro/libgba/lib\libgba.a(interrupt.o)
                0x02000430                dummy
                0x02000434                InitInterrupt
                0x02000490                irqInit
                0x020004ec                SetInterrupt
                0x02000530                irqSet
                0x02000574                irqEnable
                0x020005d4                irqDisable
                0x02000630                EnableInterrupt
                0x0200068c                DisableInterrupt
 *(.text .stub .text.* .gnu.linkonce.t.*)
 .text.startup  0x020006e8      0x1b4 rpgmap.o
                0x020006e8                main
 .text.__libc_init_array
                0x0200089c       0x58 c:/devkitpro/devkitarm/bin/../lib/gcc/arm-none-eabi/5.3.0/../../../../arm-none-eabi/lib/thumb\libg.a(lib_a-init.o)
                0x0200089c                __libc_init_array
 .text.memcpy   0x020008f4       0x80 c:/devkitpro/devkitarm/bin/../lib/gcc/arm-none-eabi/5.3.0/../../../../arm-none-eabi/lib/thumb\libg.a(lib_a-memcpy.o)
                0x020008f4                memcpy
 *(.text.*personality*)
 *(.gnu.warning)
 *(.glue_7t)
 .glue_7t       0x02000974        0x0 linker stubs
 *(.glue_7)
 .glue_7        0x02000974        0x0 linker stubs
 *(.vfp11_veneer)
 .vfp11_veneer  0x02000974        0x0 linker stubs
                0x02000974                . = ALIGN (0x4)
                0x02000974                __text_end = .

.v4_bx          0x02000974        0x0
 .v4_bx         0x02000974        0x0 linker stubs

.iplt           0x02000974        0x0
 .iplt          0x02000974        0x0 c:/devkitpro/devkitarm/bin/../lib/gcc/arm-none-eabi/5.3.0/../../../../arm-none-eabi/lib/thumb/gba_crt0.o

.fini           0x02000974        0xc
 *(.fini)
 .fini          0x02000974        0x4 c:/devkitpro/devkitarm/bin/../lib/gcc/arm-none-eabi/5.3.0/thumb/crti.o
                0x02000974                _fini
 .fini          0x02000978        0x8 c:/devkitpro/devkitarm/bin/../lib/gcc/arm-none-eabi/5.3.0/thumb/crtn.o
                0x02000980                . = ALIGN (0x4)

.rodata         0x02000980    0x13800
 *(.rodata)
 .rodata        0x02000980     0xa200 characters.o
                0x02000980                charactersTiles
                0x0200a980                charactersPal
 .rodata        0x0200ab80     0x9600 tiles.o
                0x0200ab80                tilesMap
                0x0200b380                tilesTiles
                0x02013f80                tilesPal
 *all.rodata*(*)
 *(.roda)
 *(.rodata.*)
 *(.gnu.linkonce.r*)
                0x02014180                . = ALIGN (0x4)

.ARM.extab
 *(.ARM.extab* .gnu.linkonce.armextab.*)
                0x02014180                __exidx_start = .

.ARM.exidx
 *(.ARM.exidx* .gnu.linkonce.armexidx.*)
                0x02014180                __exidx_end = .
                0x02014180                . = ALIGN (0x4)
                0x02014180                PROVIDE (__preinit_array_start, .)

.preinit_array
 *(.preinit_array)
                0x02014180                PROVIDE (__preinit_array_end, .)
                0x02014180                PROVIDE (__init_array_start, .)

.init_array     0x02014180        0x4
 *(.init_array)
 .init_array    0x02014180        0x4 c:/devkitpro/devkitarm/bin/../lib/gcc/arm-none-eabi/5.3.0/thumb/crtbegin.o
                0x02014184                PROVIDE (__init_array_end, .)
                [!provide]                PROVIDE (__fini_array_start, .)

.fini_array     0x02014184        0x4
 *(.fini_array)
 .fini_array    0x02014184        0x4 c:/devkitpro/devkitarm/bin/../lib/gcc/arm-none-eabi/5.3.0/thumb/crtbegin.o
                [!provide]                PROVIDE (__fini_array_end, .)

.ctors          0x02014188        0x0
 *crtbegin.o(.ctors)
 *(EXCLUDE_FILE(*crtend.o) .ctors)
 *(SORT(.ctors.*))
 *(.ctors)
                0x02014188                . = ALIGN (0x4)

.dtors          0x02014188        0x0
 *crtbegin.o(.dtors)
 *(EXCLUDE_FILE(*crtend.o) .dtors)
 *(SORT(.dtors.*))
 *(.dtors)
                0x02014188                . = ALIGN (0x4)

.jcr            0x02014188        0x4
 *(.jcr)
 .jcr           0x02014188        0x0 c:/devkitpro/devkitarm/bin/../lib/gcc/arm-none-eabi/5.3.0/thumb/crtbegin.o
 .jcr           0x02014188        0x4 c:/devkitpro/devkitarm/bin/../lib/gcc/arm-none-eabi/5.3.0/thumb/crtend.o

.eh_frame       0x0201418c        0x4
 *(.eh_frame)
 .eh_frame      0x0201418c        0x0 c:/devkitpro/devkitarm/bin/../lib/gcc/arm-none-eabi/5.3.0/thumb/crtbegin.o
 .eh_frame      0x0201418c        0x4 c:/devkitpro/devkitarm/bin/../lib/gcc/arm-none-eabi/5.3.0/thumb/crtend.o
                0x02014190                . = ALIGN (0x4)

.gcc_except_table
                0x02014190        0x0
 *(.gcc_except_table)
                0x02014190                . = ALIGN (0x4)
                0x02014190                __iwram_lma = .

.iwram          0x03000000       0xb8 load address 0x02014190
                0x03000000                __iwram_start__ = ABSOLUTE (.)
 *(.iwram)
 .iwram         0x03000000       0xb8 c:/devkitPro/libgba/lib\libgba.a(InterruptDispatcher.o)
                0x03000000                IntrMain
 *iwram.*(.text)
                0x030000b8                . = ALIGN (0x4)
                0x030000b8                __iwram_end__ = ABSOLUTE (.)
                0x02014248                __data_lma = (__iwram_lma + SIZEOF (.iwram))

.rel.dyn        0x030000b8        0x0 load address 0x02014248
 .rel.iplt      0x030000b8        0x0 c:/devkitpro/devkitarm/bin/../lib/gcc/arm-none-eabi/5.3.0/../../../../arm-none-eabi/lib/thumb/gba_crt0.o

.bss            0x030000b8      0x4a8
                0x030000b8                __bss_start__ = ABSOLUTE (.)
 *(.dynbss)
 *(.gnu.linkonce.b*)
 *(.bss*)
 .bss           0x030000b8       0x1c c:/devkitpro/devkitarm/bin/../lib/gcc/arm-none-eabi/5.3.0/thumb/crtbegin.o
 .bss           0x030000d4        0xa c:/devkitPro/libgba/lib\libgba.a(input.o)
 *fill*         0x030000de        0x2 
 .bss           0x030000e0        0x8 c:/devkitpro/devkitarm/bin/../lib/gcc/arm-none-eabi/5.3.0/../../../../arm-none-eabi/lib/thumb\libsysbase.a(malloc_vars.o)
                0x030000e0                fake_heap_start
                0x030000e4                fake_heap_end
 *(COMMON)
 COMMON         0x030000e8      0x400 rpgmap.o
                0x030000e8                obj_buffer
 COMMON         0x030004e8       0x78 c:/devkitPro/libgba/lib\libgba.a(interrupt.o)
                0x030004e8                IntrTable
                0x03000560                . = ALIGN (0x4)
                0x03000560                __bss_end__ = ABSOLUTE (.)

.data           0x03000560        0x4 load address 0x02014248
                0x03000560                __data_start__ = ABSOLUTE (.)
 *(.data)
 .data          0x03000560        0x3 c:/devkitPro/libgba/lib\libgba.a(input.o)
 *(.data.*)
 *(.gnu.linkonce.d*)
                0x03000564                . = ALIGN (0x4)
 *fill*         0x03000563        0x1 ff
                0x03000564                __data_end__ = ABSOLUTE (.)
                0x0201424c                __iwram_overlay_lma = (__data_lma + SIZEOF (.data))
                [!provide]                PROVIDE (edata, .)
                0x03000564                __iwram_overlay_start = .

.igot.plt       0x03000564        0x0 load address 0x0201424c
 .igot.plt      0x03000564        0x0 c:/devkitpro/devkitarm/bin/../lib/gcc/arm-none-eabi/5.3.0/../../../../arm-none-eabi/lib/thumb/gba_crt0.o

.tm_clone_table
                0x03000564        0x0 load address 0x0201424c
 .tm_clone_table
                0x03000564        0x0 c:/devkitpro/devkitarm/bin/../lib/gcc/arm-none-eabi/5.3.0/thumb/crtbegin.o
 .tm_clone_table
                0x03000564        0x0 c:/devkitpro/devkitarm/bin/../lib/gcc/arm-none-eabi/5.3.0/thumb/crtend.o

.iwram0         0x03000564        0x0 load address 0x0201424c
 *(.iwram0)
                0x03000564                . = ALIGN (0x4)
                0x0201424c                PROVIDE (__load_start_iwram0, LOADADDR (.iwram0))
                0x0201424c                PROVIDE (__load_stop_iwram0, (LOADADDR (.iwram0) + SIZEOF (.iwram0)))

.iwram1         0x03000564        0x0
 *(.iwram1)
                0x03000564                . = ALIGN (0x4)
                [!provide]                PROVIDE (__load_start_iwram1, LOADADDR (.iwram1))
                [!provide]                PROVIDE (__load_stop_iwram1, (LOADADDR (.iwram1) + SIZEOF (.iwram1)))

.iwram2         0x03000564        0x0
 *(.iwram2)
                0x03000564                . = ALIGN (0x4)
                [!provide]                PROVIDE (__load_start_iwram2, LOADADDR (.iwram2))
                [!provide]                PROVIDE (__load_stop_iwram2, (LOADADDR (.iwram2) + SIZEOF (.iwram2)))

.iwram3         0x03000564        0x0
 *(.iwram3)
                0x03000564                . = ALIGN (0x4)
                [!provide]                PROVIDE (__load_start_iwram3, LOADADDR (.iwram3))
                [!provide]                PROVIDE (__load_stop_iwram3, (LOADADDR (.iwram3) + SIZEOF (.iwram3)))

.iwram4         0x03000564        0x0
 *(.iwram4)
                0x03000564                . = ALIGN (0x4)
                [!provide]                PROVIDE (__load_start_iwram4, LOADADDR (.iwram4))
                [!provide]                PROVIDE (__load_stop_iwram4, (LOADADDR (.iwram4) + SIZEOF (.iwram4)))

.iwram5         0x03000564        0x0
 *(.iwram5)
                0x03000564                . = ALIGN (0x4)
                [!provide]                PROVIDE (__load_start_iwram5, LOADADDR (.iwram5))
                [!provide]                PROVIDE (__load_stop_iwram5, (LOADADDR (.iwram5) + SIZEOF (.iwram5)))

.iwram6         0x03000564        0x0
 *(.iwram6)
                0x03000564                . = ALIGN (0x4)
                [!provide]                PROVIDE (__load_start_iwram6, LOADADDR (.iwram6))
                [!provide]                PROVIDE (__load_stop_iwram6, (LOADADDR (.iwram6) + SIZEOF (.iwram6)))

.iwram7         0x03000564        0x0
 *(.iwram7)
                0x03000564                . = ALIGN (0x4)
                [!provide]                PROVIDE (__load_start_iwram7, LOADADDR (.iwram7))
                [!provide]                PROVIDE (__load_stop_iwram7, (LOADADDR (.iwram7) + SIZEOF (.iwram7)))

.iwram8         0x03000564        0x0
 *(.iwram8)
                0x03000564                . = ALIGN (0x4)
                [!provide]                PROVIDE (__load_start_iwram8, LOADADDR (.iwram8))
                [!provide]                PROVIDE (__load_stop_iwram8, (LOADADDR (.iwram8) + SIZEOF (.iwram8)))

.iwram9         0x03000564        0x0
 *(.iwram9)
                0x03000564                . = ALIGN (0x4)
                [!provide]                PROVIDE (__load_start_iwram9, LOADADDR (.iwram9))
                [!provide]                PROVIDE (__load_stop_iwram9, (LOADADDR (.iwram9) + SIZEOF (.iwram9)))
                0x0201424c                __ewram_lma = ((((((((((LOADADDR (.iwram0) + SIZEOF (.iwram0)) + SIZEOF (.iwram1)) + SIZEOF (.iwram2)) + SIZEOF (.iwram3)) + SIZEOF (.iwram4)) + SIZEOF (.iwram5)) + SIZEOF (.iwram6)) + SIZEOF (.iwram7)) + SIZEOF (.iwram8)) + SIZEOF (.iwram9))
                0x0201424c                __iwram_overlay_end = __ewram_lma
                0x0201424c                __ewram_start = __ewram_lma

.ewram          0x0201424c        0x0
 *(.ewram)
                0x0201424c                . = ALIGN (0x4)
                0x0201424c                __ewram_end = ABSOLUTE (.)
                0x0201424c                __ewram_overlay_lma = (__ewram_lma + SIZEOF (.ewram))

.sbss           0x0201424c        0x0
                0x0201424c                __sbss_start__ = ABSOLUTE (.)
 *(.sbss)
                0x0201424c                . = ALIGN (0x4)
                0x0201424c                __sbss_end__ = ABSOLUTE (.)
                0x0201424c                __end__ = ABSOLUTE (.)
                0x0201424c                __eheap_start = ABSOLUTE (.)

.ewram0         0x0201424c        0x0
 *(.ewram0)
                0x0201424c                . = ALIGN (0x4)
                [!provide]                PROVIDE (__load_start_ewram0, LOADADDR (.ewram0))
                [!provide]                PROVIDE (__load_stop_ewram0, (LOADADDR (.ewram0) + SIZEOF (.ewram0)))

.ewram1         0x0201424c        0x0
 *(.ewram1)
                0x0201424c                . = ALIGN (0x4)
                [!provide]                PROVIDE (__load_start_ewram1, LOADADDR (.ewram1))
                [!provide]                PROVIDE (__load_stop_ewram1, (LOADADDR (.ewram1) + SIZEOF (.ewram1)))

.ewram2         0x0201424c        0x0
 *(.ewram2)
                0x0201424c                . = ALIGN (0x4)
                [!provide]                PROVIDE (__load_start_ewram2, LOADADDR (.ewram2))
                [!provide]                PROVIDE (__load_stop_ewram2, (LOADADDR (.ewram2) + SIZEOF (.ewram2)))

.ewram3         0x0201424c        0x0
 *(.ewram3)
                0x0201424c                . = ALIGN (0x4)
                [!provide]                PROVIDE (__load_start_ewram3, LOADADDR (.ewram3))
                [!provide]                PROVIDE (__load_stop_ewram3, (LOADADDR (.ewram3) + SIZEOF (.ewram3)))

.ewram4         0x0201424c        0x0
 *(.ewram4)
                0x0201424c                . = ALIGN (0x4)
                [!provide]                PROVIDE (__load_start_ewram4, LOADADDR (.ewram4))
                [!provide]                PROVIDE (__load_stop_ewram4, (LOADADDR (.ewram4) + SIZEOF (.ewram4)))

.ewram5         0x0201424c        0x0
 *(.ewram5)
                0x0201424c                . = ALIGN (0x4)
                [!provide]                PROVIDE (__load_start_ewram5, LOADADDR (.ewram5))
                [!provide]                PROVIDE (__load_stop_ewram5, (LOADADDR (.ewram5) + SIZEOF (.ewram5)))

.ewram6         0x0201424c        0x0
 *(.ewram6)
                0x0201424c                . = ALIGN (0x4)
                [!provide]                PROVIDE (__load_start_ewram6, LOADADDR (.ewram6))
                [!provide]                PROVIDE (__load_stop_ewram6, (LOADADDR (.ewram6) + SIZEOF (.ewram6)))

.ewram7         0x0201424c        0x0
 *(.ewram7)
                0x0201424c                . = ALIGN (0x4)
                [!provide]                PROVIDE (__load_start_ewram7, LOADADDR (.ewram7))
                [!provide]                PROVIDE (__load_stop_ewram7, (LOADADDR (.ewram7) + SIZEOF (.ewram7)))

.ewram8         0x0201424c        0x0
 *(.ewram8)
                0x0201424c                . = ALIGN (0x4)
                [!provide]                PROVIDE (__load_start_ewram8, LOADADDR (.ewram8))
                [!provide]                PROVIDE (__load_stop_ewram8, (LOADADDR (.ewram8) + SIZEOF (.ewram8)))

.ewram9         0x0201424c        0x0
 *(.ewram9)
                0x0201424c                . = ALIGN (0x4)
                [!provide]                PROVIDE (__load_start_ewram9, LOADADDR (.ewram9))
                [!provide]                PROVIDE (__load_stop_ewram9, (LOADADDR (.ewram9) + SIZEOF (.ewram9)))
                0x0201424c                __ewram_overlay_end = ABSOLUTE (.)
                0x0201424c                __eheap_start = __ewram_overlay_end
                0x0201424c                _end = __ewram_overlay_end
                0x0201424c                __end__ = __ewram_overlay_end
                0x0201424c                __rom_end__ = __ewram_overlay_end

.stab
 *(.stab)

.stabstr
 *(.stabstr)

.stab.excl
 *(.stab.excl)

.stab.exclstr
 *(.stab.exclstr)

.stab.index
 *(.stab.index)

.stab.indexstr
 *(.stab.indexstr)

.comment        0x00000000       0x68
 *(.comment)
 .comment       0x00000000       0x22 c:/devkitpro/devkitarm/bin/../lib/gcc/arm-none-eabi/5.3.0/thumb/crtbegin.o
                                 0x23 (size before relaxing)
 .comment       0x00000022       0x23 characters.o
 .comment       0x00000022       0x23 rpgmap.o
 .comment       0x00000022       0x23 tiles.o
 .comment       0x00000022       0x23 c:/devkitPro/libgba/lib\libgba.a(input.o)
 .comment       0x00000045       0x23 c:/devkitPro/libgba/lib\libgba.a(interrupt.o)
 .comment       0x00000068       0x23 c:/devkitpro/devkitarm/bin/../lib/gcc/arm-none-eabi/5.3.0/../../../../arm-none-eabi/lib/thumb\libg.a(lib_a-init.o)
 .comment       0x00000068       0x23 c:/devkitpro/devkitarm/bin/../lib/gcc/arm-none-eabi/5.3.0/../../../../arm-none-eabi/lib/thumb\libg.a(lib_a-memcpy.o)
 .comment       0x00000068       0x23 c:/devkitpro/devkitarm/bin/../lib/gcc/arm-none-eabi/5.3.0/../../../../arm-none-eabi/lib/thumb\libsysbase.a(malloc_vars.o)
 .comment       0x00000068       0x23 c:/devkitpro/devkitarm/bin/../lib/gcc/arm-none-eabi/5.3.0/thumb/crtend.o

.ARM.attributes
                0x00000000       0x2b
 .ARM.attributes
                0x00000000       0x16 c:/devkitpro/devkitarm/bin/../lib/gcc/arm-none-eabi/5.3.0/../../../../arm-none-eabi/lib/thumb/gba_crt0.o
 .ARM.attributes
                0x00000016       0x16 c:/devkitpro/devkitarm/bin/../lib/gcc/arm-none-eabi/5.3.0/thumb/crti.o
 .ARM.attributes
                0x0000002c       0x30 c:/devkitpro/devkitarm/bin/../lib/gcc/arm-none-eabi/5.3.0/thumb/crtbegin.o
 .ARM.attributes
                0x0000005c       0x2c characters.o
 .ARM.attributes
                0x00000088       0x2c rpgmap.o
 .ARM.attributes
                0x000000b4       0x2c tiles.o
 .ARM.attributes
                0x000000e0       0x2e c:/devkitPro/libgba/lib\libgba.a(input.o)
 .ARM.attributes
                0x0000010e       0x2e c:/devkitPro/libgba/lib\libgba.a(interrupt.o)
 .ARM.attributes
                0x0000013c       0x1e c:/devkitPro/libgba/lib\libgba.a(InterruptDispatcher.o)
 .ARM.attributes
                0x0000015a       0x30 c:/devkitpro/devkitarm/bin/../lib/gcc/arm-none-eabi/5.3.0/../../../../arm-none-eabi/lib/thumb\libg.a(lib_a-init.o)
 .ARM.attributes
                0x0000018a       0x30 c:/devkitpro/devkitarm/bin/../lib/gcc/arm-none-eabi/5.3.0/../../../../arm-none-eabi/lib/thumb\libg.a(lib_a-memcpy.o)
 .ARM.attributes
                0x000001ba       0x30 c:/devkitpro/devkitarm/bin/../lib/gcc/arm-none-eabi/5.3.0/../../../../arm-none-eabi/lib/thumb\libsysbase.a(malloc_vars.o)
 .ARM.attributes
                0x000001ea       0x30 c:/devkitpro/devkitarm/bin/../lib/gcc/arm-none-eabi/5.3.0/thumb/crtend.o
 .ARM.attributes
                0x0000021a       0x16 c:/devkitpro/devkitarm/bin/../lib/gcc/arm-none-eabi/5.3.0/thumb/crtn.o

.debug
 *(.debug)

.line
 *(.line)

.debug_srcinfo
 *(.debug_srcinfo)

.debug_sfnames
 *(.debug_sfnames)

.debug_aranges  0x00000000       0xb8
 *(.debug_aranges)
 .debug_aranges
                0x00000000       0x18 characters.o
 .debug_aranges
                0x00000018       0x28 rpgmap.o
 .debug_aranges
                0x00000040       0x18 tiles.o
 .debug_aranges
                0x00000058       0x20 c:/devkitPro/libgba/lib\libgba.a(input.o)
 .debug_aranges
                0x00000078       0x20 c:/devkitPro/libgba/lib\libgba.a(interrupt.o)
 .debug_aranges
                0x00000098       0x20 c:/devkitPro/libgba/lib\libgba.a(InterruptDispatcher.o)

.debug_pubnames
                0x00000000      0x10f
 *(.debug_pubnames)
 .debug_pubnames
                0x00000000       0x65 c:/devkitPro/libgba/lib\libgba.a(input.o)
 .debug_pubnames
                0x00000065       0xaa c:/devkitPro/libgba/lib\libgba.a(interrupt.o)

.debug_info     0x00000000      0xf17
 *(.debug_info)
 .debug_info    0x00000000       0x75 characters.o
 .debug_info    0x00000075      0x7e5 rpgmap.o
 .debug_info    0x0000085a       0x9d tiles.o
 .debug_info    0x000008f7      0x200 c:/devkitPro/libgba/lib\libgba.a(input.o)
 .debug_info    0x00000af7      0x38c c:/devkitPro/libgba/lib\libgba.a(interrupt.o)
 .debug_info    0x00000e83       0x94 c:/devkitPro/libgba/lib\libgba.a(InterruptDispatcher.o)

.debug_abbrev   0x00000000      0x5d6
 *(.debug_abbrev)
 .debug_abbrev  0x00000000       0x4c characters.o
 .debug_abbrev  0x0000004c      0x234 rpgmap.o
 .debug_abbrev  0x00000280       0x5d tiles.o
 .debug_abbrev  0x000002dd      0x107 c:/devkitPro/libgba/lib\libgba.a(input.o)
 .debug_abbrev  0x000003e4      0x1de c:/devkitPro/libgba/lib\libgba.a(interrupt.o)
 .debug_abbrev  0x000005c2       0x14 c:/devkitPro/libgba/lib\libgba.a(InterruptDispatcher.o)

.debug_line     0x00000000      0x530
 *(.debug_line)
 .debug_line    0x00000000       0x4f characters.o
 .debug_line    0x0000004f      0x1c5 rpgmap.o
 .debug_line    0x00000214       0x4a tiles.o
 .debug_line    0x0000025e       0xd1 c:/devkitPro/libgba/lib\libgba.a(input.o)
 .debug_line    0x0000032f      0x165 c:/devkitPro/libgba/lib\libgba.a(interrupt.o)
 .debug_line    0x00000494       0x9c c:/devkitPro/libgba/lib\libgba.a(InterruptDispatcher.o)

.debug_frame    0x00000000      0x1d0
 *(.debug_frame)
 .debug_frame   0x00000000       0x78 rpgmap.o
 .debug_frame   0x00000078       0x80 c:/devkitPro/libgba/lib\libgba.a(input.o)
 .debug_frame   0x000000f8       0xd8 c:/devkitPro/libgba/lib\libgba.a(interrupt.o)

.debug_str      0x00000000      0x6fb
 *(.debug_str)
 .debug_str     0x00000000       0xd8 characters.o
 .debug_str     0x000000d8      0x466 rpgmap.o
                                0x548 (size before relaxing)
 .debug_str     0x0000053e       0x2a tiles.o
                                 0xd2 (size before relaxing)
 .debug_str     0x00000568       0x87 c:/devkitPro/libgba/lib\libgba.a(input.o)
                                0x11d (size before relaxing)
 .debug_str     0x000005ef      0x10c c:/devkitPro/libgba/lib\libgba.a(interrupt.o)
                                0x210 (size before relaxing)

.debug_loc      0x00000000      0x6c0
 *(.debug_loc)
 .debug_loc     0x00000000      0x4a3 rpgmap.o
 .debug_loc     0x000004a3       0x89 c:/devkitPro/libgba/lib\libgba.a(input.o)
 .debug_loc     0x0000052c      0x194 c:/devkitPro/libgba/lib\libgba.a(interrupt.o)

.debug_macinfo
 *(.debug_macinfo)

.debug_weaknames
 *(.debug_weaknames)

.debug_funcnames
 *(.debug_funcnames)

.debug_typenames
 *(.debug_typenames)

.debug_varnames
 *(.debug_varnames)

.stack          0x00080000        0x0
                0x00080000                _stack = .
 *(.stack)
LOAD c:/devkitpro/devkitarm/bin/../lib/gcc/arm-none-eabi/5.3.0/../../../../arm-none-eabi/lib/thumb/gba_crt0.o
LOAD c:/devkitpro/devkitarm/bin/../lib/gcc/arm-none-eabi/5.3.0/thumb/crti.o
LOAD c:/devkitpro/devkitarm/bin/../lib/gcc/arm-none-eabi/5.3.0/thumb/crtbegin.o
LOAD characters.o
LOAD rpgmap.o
LOAD tiles.o
LOAD c:/devkitPro/libgba/lib\libgba.a
START GROUP
LOAD c:/devkitpro/devkitarm/bin/../lib/gcc/arm-none-eabi/5.3.0/thumb\libgcc.a
LOAD c:/devkitpro/devkitarm/bin/../lib/gcc/arm-none-eabi/5.3.0/../../../../arm-none-eabi/lib/thumb\libg.a
LOAD c:/devkitpro/devkitarm/bin/../lib/gcc/arm-none-eabi/5.3.0/../../../../arm-none-eabi/lib/thumb\libc.a
LOAD c:/devkitpro/devkitarm/bin/../lib/gcc/arm-none-eabi/5.3.0/../../../../arm-none-eabi/lib/thumb\libsysbase.a
END GROUP
LOAD c:/devkitpro/devkitarm/bin/../lib/gcc/arm-none-eabi/5.3.0/thumb/crtend.o
LOAD c:/devkitpro/devkitarm/bin/../lib/gcc/arm-none-eabi/5.3.0/thumb/crtn.o
OUTPUT(c:/users/sam/gbadev/rpgmap/rpgmap_mb.elf elf32-littlearm)

.debug_ranges   0x00000000       0xc0
 .debug_ranges  0x00000000       0x60 rpgmap.o
 .debug_ranges  0x00000060       0x60 c:/devkitPro/libgba/lib\libgba.a(interrupt.o)
