Archive member included to satisfy reference by file (symbol)

c:/devkitPro/libgba/lib\libgba.a(input.o)
                              sprites.o (setRepeat)
c:/devkitPro/libgba/lib\libgba.a(interrupt.o)
                              sprites.o (irqInit)
c:/devkitPro/libgba/lib\libgba.a(InterruptDispatcher.o)
                              c:/devkitPro/libgba/lib\libgba.a(interrupt.o) (IntrMain)
c:/devkitpro/devkitarm/bin/../lib/gcc/arm-none-eabi/5.3.0/../../../../arm-none-eabi/lib/thumb\libg.a(lib_a-init.o)
                              c:/devkitpro/devkitarm/bin/../lib/gcc/arm-none-eabi/5.3.0/../../../../arm-none-eabi/lib/thumb/gba_crt0.o (__libc_init_array)
c:/devkitpro/devkitarm/bin/../lib/gcc/arm-none-eabi/5.3.0/../../../../arm-none-eabi/lib/thumb\libg.a(lib_a-memcpy.o)
                              sprites.o (memcpy)
c:/devkitpro/devkitarm/bin/../lib/gcc/arm-none-eabi/5.3.0/../../../../arm-none-eabi/lib/thumb\libsysbase.a(malloc_vars.o)
                              c:/devkitpro/devkitarm/bin/../lib/gcc/arm-none-eabi/5.3.0/../../../../arm-none-eabi/lib/thumb/gba_crt0.o (fake_heap_end)

Allocating common symbols
Common symbol       size              file

IntrTable           0x78              c:/devkitPro/libgba/lib\libgba.a(interrupt.o)
obj_buffer          0x400             sprites.o

Discarded input sections

 .text          0x00000000        0x0 c:/devkitpro/devkitarm/bin/../lib/gcc/arm-none-eabi/5.3.0/../../../../arm-none-eabi/lib/thumb/gba_crt0.o
 .data          0x00000000        0x0 c:/devkitpro/devkitarm/bin/../lib/gcc/arm-none-eabi/5.3.0/../../../../arm-none-eabi/lib/thumb/gba_crt0.o
 .bss           0x00000000        0x0 c:/devkitpro/devkitarm/bin/../lib/gcc/arm-none-eabi/5.3.0/../../../../arm-none-eabi/lib/thumb/gba_crt0.o
 .text          0x00000000        0x0 c:/devkitpro/devkitarm/bin/../lib/gcc/arm-none-eabi/5.3.0/thumb/crti.o
 .data          0x00000000        0x0 c:/devkitpro/devkitarm/bin/../lib/gcc/arm-none-eabi/5.3.0/thumb/crti.o
 .bss           0x00000000        0x0 c:/devkitpro/devkitarm/bin/../lib/gcc/arm-none-eabi/5.3.0/thumb/crti.o
 .data          0x00000000        0x4 c:/devkitpro/devkitarm/bin/../lib/gcc/arm-none-eabi/5.3.0/thumb/crtbegin.o
 .text          0x00000000        0x0 blueslime.o
 .data          0x00000000        0x0 blueslime.o
 .bss           0x00000000        0x0 blueslime.o
 .text          0x00000000        0x0 drakee.o
 .data          0x00000000        0x0 drakee.o
 .bss           0x00000000        0x0 drakee.o
 .text          0x00000000        0x0 mouse.o
 .data          0x00000000        0x0 mouse.o
 .bss           0x00000000        0x0 mouse.o
 .rodata        0x00000000      0x600 mouse.o
 .debug_info    0x00000000       0x76 mouse.o
 .debug_abbrev  0x00000000       0x43 mouse.o
 .debug_aranges
                0x00000000       0x18 mouse.o
 .debug_line    0x00000000       0x4b mouse.o
 .debug_str     0x00000000       0xc5 mouse.o
 .comment       0x00000000       0x23 mouse.o
 .ARM.attributes
                0x00000000       0x2c mouse.o
 .text          0x00000000        0x0 orangeslime.o
 .data          0x00000000        0x0 orangeslime.o
 .bss           0x00000000        0x0 orangeslime.o
 .text          0x00000000       0x54 sprites.o
 .data          0x00000000        0x0 sprites.o
 .bss           0x00000000        0x0 sprites.o
 .rodata        0x00000000        0x4 sprites.o
 .data          0x00000000        0x0 c:/devkitPro/libgba/lib\libgba.a(interrupt.o)
 .bss           0x00000000        0x0 c:/devkitPro/libgba/lib\libgba.a(interrupt.o)
 .text          0x00000000        0x0 c:/devkitPro/libgba/lib\libgba.a(InterruptDispatcher.o)
 .data          0x00000000        0x0 c:/devkitPro/libgba/lib\libgba.a(InterruptDispatcher.o)
 .bss           0x00000000        0x0 c:/devkitPro/libgba/lib\libgba.a(InterruptDispatcher.o)
 .text          0x00000000        0x0 c:/devkitpro/devkitarm/bin/../lib/gcc/arm-none-eabi/5.3.0/../../../../arm-none-eabi/lib/thumb\libg.a(lib_a-init.o)
 .data          0x00000000        0x0 c:/devkitpro/devkitarm/bin/../lib/gcc/arm-none-eabi/5.3.0/../../../../arm-none-eabi/lib/thumb\libg.a(lib_a-init.o)
 .bss           0x00000000        0x0 c:/devkitpro/devkitarm/bin/../lib/gcc/arm-none-eabi/5.3.0/../../../../arm-none-eabi/lib/thumb\libg.a(lib_a-init.o)
 .text          0x00000000        0x0 c:/devkitpro/devkitarm/bin/../lib/gcc/arm-none-eabi/5.3.0/../../../../arm-none-eabi/lib/thumb\libg.a(lib_a-memcpy.o)
 .data          0x00000000        0x0 c:/devkitpro/devkitarm/bin/../lib/gcc/arm-none-eabi/5.3.0/../../../../arm-none-eabi/lib/thumb\libg.a(lib_a-memcpy.o)
 .bss           0x00000000        0x0 c:/devkitpro/devkitarm/bin/../lib/gcc/arm-none-eabi/5.3.0/../../../../arm-none-eabi/lib/thumb\libg.a(lib_a-memcpy.o)
 .text          0x00000000        0x0 c:/devkitpro/devkitarm/bin/../lib/gcc/arm-none-eabi/5.3.0/../../../../arm-none-eabi/lib/thumb\libsysbase.a(malloc_vars.o)
 .data          0x00000000        0x0 c:/devkitpro/devkitarm/bin/../lib/gcc/arm-none-eabi/5.3.0/../../../../arm-none-eabi/lib/thumb\libsysbase.a(malloc_vars.o)
 .text          0x00000000        0x0 c:/devkitpro/devkitarm/bin/../lib/gcc/arm-none-eabi/5.3.0/thumb/crtend.o
 .data          0x00000000        0x0 c:/devkitpro/devkitarm/bin/../lib/gcc/arm-none-eabi/5.3.0/thumb/crtend.o
 .bss           0x00000000        0x0 c:/devkitpro/devkitarm/bin/../lib/gcc/arm-none-eabi/5.3.0/thumb/crtend.o
 .text          0x00000000        0x0 c:/devkitpro/devkitarm/bin/../lib/gcc/arm-none-eabi/5.3.0/thumb/crtn.o
 .data          0x00000000        0x0 c:/devkitpro/devkitarm/bin/../lib/gcc/arm-none-eabi/5.3.0/thumb/crtn.o
 .bss           0x00000000        0x0 c:/devkitpro/devkitarm/bin/../lib/gcc/arm-none-eabi/5.3.0/thumb/crtn.o

Memory Configuration

Name             Origin             Length             Attributes
rom              0x08000000         0x02000000
iwram            0x03000000         0x00008000
ewram            0x02000000         0x00040000
*default*        0x00000000         0xffffffff

Linker script and memory map

                0x02000000                __text_start = ORIGIN (ewram)
                0x02040000                __eheap_end = (ORIGIN (ewram) + 0x40000)
                0x03000000                __iwram_start = ORIGIN (iwram)
                0x03008000                __iwram_top = (ORIGIN (iwram) + 0x8000)
                0x03007fa0                __sp_irq = (__iwram_top - 0x60)
                0x03007f00                __sp_usr = (__sp_irq - 0xa0)
                0x03007ff8                __irq_flags = 0x3007ff8
                0x02000000                . = __text_start

.init           0x02000000      0x21c
 *(.init)
 .init          0x02000000      0x210 c:/devkitpro/devkitarm/bin/../lib/gcc/arm-none-eabi/5.3.0/../../../../arm-none-eabi/lib/thumb/gba_crt0.o
                0x02000000                _start
                0x020000c4                __boot_method
                0x020000c5                __slave_number
                0x020000e0                start_vector
 .init          0x02000210        0x4 c:/devkitpro/devkitarm/bin/../lib/gcc/arm-none-eabi/5.3.0/thumb/crti.o
                0x02000210                _init
 .init          0x02000214        0x8 c:/devkitpro/devkitarm/bin/../lib/gcc/arm-none-eabi/5.3.0/thumb/crtn.o
                0x0200021c                . = ALIGN (0x4)

.plt            0x0200021c        0x0
 *(.plt)
                0x0200021c                . = ALIGN (0x4)

.text           0x0200021c      0x774
 *(EXCLUDE_FILE(*.iwram*) .text)
 .text          0x0200021c       0xd4 c:/devkitpro/devkitarm/bin/../lib/gcc/arm-none-eabi/5.3.0/thumb/crtbegin.o
 .text          0x020002f0      0x140 c:/devkitPro/libgba/lib\libgba.a(input.o)
                0x020002f0                setRepeat
                0x02000304                scanKeys
                0x020003d8                keysDownRepeat
                0x020003f0                keysDown
                0x02000408                keysUp
                0x02000420                keysHeld
 .text          0x02000430      0x2b8 c:/devkitPro/libgba/lib\libgba.a(interrupt.o)
                0x02000430                dummy
                0x02000434                InitInterrupt
                0x02000490                irqInit
                0x020004ec                SetInterrupt
                0x02000530                irqSet
                0x02000574                irqEnable
                0x020005d4                irqDisable
                0x02000630                EnableInterrupt
                0x0200068c                DisableInterrupt
 *(.text .stub .text.* .gnu.linkonce.t.*)
 .text.startup  0x020006e8      0x1d0 sprites.o
                0x020006e8                main
 .text.__libc_init_array
                0x020008b8       0x58 c:/devkitpro/devkitarm/bin/../lib/gcc/arm-none-eabi/5.3.0/../../../../arm-none-eabi/lib/thumb\libg.a(lib_a-init.o)
                0x020008b8                __libc_init_array
 .text.memcpy   0x02000910       0x80 c:/devkitpro/devkitarm/bin/../lib/gcc/arm-none-eabi/5.3.0/../../../../arm-none-eabi/lib/thumb\libg.a(lib_a-memcpy.o)
                0x02000910                memcpy
 *(.text.*personality*)
 *(.gnu.warning)
 *(.glue_7t)
 .glue_7t       0x02000990        0x0 linker stubs
 *(.glue_7)
 .glue_7        0x02000990        0x0 linker stubs
 *(.vfp11_veneer)
 .vfp11_veneer  0x02000990        0x0 linker stubs
                0x02000990                . = ALIGN (0x4)
                0x02000990                __text_end = .

.v4_bx          0x02000990        0x0
 .v4_bx         0x02000990        0x0 linker stubs

.iplt           0x02000990        0x0
 .iplt          0x02000990        0x0 c:/devkitpro/devkitarm/bin/../lib/gcc/arm-none-eabi/5.3.0/../../../../arm-none-eabi/lib/thumb/gba_crt0.o

.fini           0x02000990        0xc
 *(.fini)
 .fini          0x02000990        0x4 c:/devkitpro/devkitarm/bin/../lib/gcc/arm-none-eabi/5.3.0/thumb/crti.o
                0x02000990                _fini
 .fini          0x02000994        0x8 c:/devkitpro/devkitarm/bin/../lib/gcc/arm-none-eabi/5.3.0/thumb/crtn.o
                0x0200099c                . = ALIGN (0x4)

.rodata         0x0200099c      0x660
 *(.rodata)
 .rodata        0x0200099c      0x220 blueslime.o
                0x0200099c                blueslimeTiles
                0x02000b9c                blueslimePal
 .rodata        0x02000bbc      0x220 drakee.o
                0x02000bbc                drakeeTiles
                0x02000dbc                drakeePal
 .rodata        0x02000ddc      0x220 orangeslime.o
                0x02000ddc                orangeslimeTiles
                0x02000fdc                orangeslimePal
 *all.rodata*(*)
 *(.roda)
 *(.rodata.*)
 *(.gnu.linkonce.r*)
                0x02000ffc                . = ALIGN (0x4)

.ARM.extab
 *(.ARM.extab* .gnu.linkonce.armextab.*)
                0x02000ffc                __exidx_start = .

.ARM.exidx
 *(.ARM.exidx* .gnu.linkonce.armexidx.*)
                0x02000ffc                __exidx_end = .
                0x02000ffc                . = ALIGN (0x4)
                0x02000ffc                PROVIDE (__preinit_array_start, .)

.preinit_array
 *(.preinit_array)
                0x02000ffc                PROVIDE (__preinit_array_end, .)
                0x02000ffc                PROVIDE (__init_array_start, .)

.init_array     0x02000ffc        0x4
 *(.init_array)
 .init_array    0x02000ffc        0x4 c:/devkitpro/devkitarm/bin/../lib/gcc/arm-none-eabi/5.3.0/thumb/crtbegin.o
                0x02001000                PROVIDE (__init_array_end, .)
                [!provide]                PROVIDE (__fini_array_start, .)

.fini_array     0x02001000        0x4
 *(.fini_array)
 .fini_array    0x02001000        0x4 c:/devkitpro/devkitarm/bin/../lib/gcc/arm-none-eabi/5.3.0/thumb/crtbegin.o
                [!provide]                PROVIDE (__fini_array_end, .)

.ctors          0x02001004        0x0
 *crtbegin.o(.ctors)
 *(EXCLUDE_FILE(*crtend.o) .ctors)
 *(SORT(.ctors.*))
 *(.ctors)
                0x02001004                . = ALIGN (0x4)

.dtors          0x02001004        0x0
 *crtbegin.o(.dtors)
 *(EXCLUDE_FILE(*crtend.o) .dtors)
 *(SORT(.dtors.*))
 *(.dtors)
                0x02001004                . = ALIGN (0x4)

.jcr            0x02001004        0x4
 *(.jcr)
 .jcr           0x02001004        0x0 c:/devkitpro/devkitarm/bin/../lib/gcc/arm-none-eabi/5.3.0/thumb/crtbegin.o
 .jcr           0x02001004        0x4 c:/devkitpro/devkitarm/bin/../lib/gcc/arm-none-eabi/5.3.0/thumb/crtend.o

.eh_frame       0x02001008        0x4
 *(.eh_frame)
 .eh_frame      0x02001008        0x0 c:/devkitpro/devkitarm/bin/../lib/gcc/arm-none-eabi/5.3.0/thumb/crtbegin.o
 .eh_frame      0x02001008        0x4 c:/devkitpro/devkitarm/bin/../lib/gcc/arm-none-eabi/5.3.0/thumb/crtend.o
                0x0200100c                . = ALIGN (0x4)

.gcc_except_table
                0x0200100c        0x0
 *(.gcc_except_table)
                0x0200100c                . = ALIGN (0x4)
                0x0200100c                __iwram_lma = .

.iwram          0x03000000       0xb8 load address 0x0200100c
                0x03000000                __iwram_start__ = ABSOLUTE (.)
 *(.iwram)
 .iwram         0x03000000       0xb8 c:/devkitPro/libgba/lib\libgba.a(InterruptDispatcher.o)
                0x03000000                IntrMain
 *iwram.*(.text)
                0x030000b8                . = ALIGN (0x4)
                0x030000b8                __iwram_end__ = ABSOLUTE (.)
                0x020010c4                __data_lma = (__iwram_lma + SIZEOF (.iwram))

.rel.dyn        0x030000b8        0x0 load address 0x020010c4
 .rel.iplt      0x030000b8        0x0 c:/devkitpro/devkitarm/bin/../lib/gcc/arm-none-eabi/5.3.0/../../../../arm-none-eabi/lib/thumb/gba_crt0.o

.bss            0x030000b8      0x4a8
                0x030000b8                __bss_start__ = ABSOLUTE (.)
 *(.dynbss)
 *(.gnu.linkonce.b*)
 *(.bss*)
 .bss           0x030000b8       0x1c c:/devkitpro/devkitarm/bin/../lib/gcc/arm-none-eabi/5.3.0/thumb/crtbegin.o
 .bss           0x030000d4        0xa c:/devkitPro/libgba/lib\libgba.a(input.o)
 *fill*         0x030000de        0x2 
 .bss           0x030000e0        0x8 c:/devkitpro/devkitarm/bin/../lib/gcc/arm-none-eabi/5.3.0/../../../../arm-none-eabi/lib/thumb\libsysbase.a(malloc_vars.o)
                0x030000e0                fake_heap_start
                0x030000e4                fake_heap_end
 *(COMMON)
 COMMON         0x030000e8      0x400 sprites.o
                0x030000e8                obj_buffer
 COMMON         0x030004e8       0x78 c:/devkitPro/libgba/lib\libgba.a(interrupt.o)
                0x030004e8                IntrTable
                0x03000560                . = ALIGN (0x4)
                0x03000560                __bss_end__ = ABSOLUTE (.)

.data           0x03000560        0x4 load address 0x020010c4
                0x03000560                __data_start__ = ABSOLUTE (.)
 *(.data)
 .data          0x03000560        0x3 c:/devkitPro/libgba/lib\libgba.a(input.o)
 *(.data.*)
 *(.gnu.linkonce.d*)
                0x03000564                . = ALIGN (0x4)
 *fill*         0x03000563        0x1 ff
                0x03000564                __data_end__ = ABSOLUTE (.)
                0x020010c8                __iwram_overlay_lma = (__data_lma + SIZEOF (.data))
                [!provide]                PROVIDE (edata, .)
                0x03000564                __iwram_overlay_start = .

.igot.plt       0x03000564        0x0 load address 0x020010c8
 .igot.plt      0x03000564        0x0 c:/devkitpro/devkitarm/bin/../lib/gcc/arm-none-eabi/5.3.0/../../../../arm-none-eabi/lib/thumb/gba_crt0.o

.tm_clone_table
                0x03000564        0x0 load address 0x020010c8
 .tm_clone_table
                0x03000564        0x0 c:/devkitpro/devkitarm/bin/../lib/gcc/arm-none-eabi/5.3.0/thumb/crtbegin.o
 .tm_clone_table
                0x03000564        0x0 c:/devkitpro/devkitarm/bin/../lib/gcc/arm-none-eabi/5.3.0/thumb/crtend.o

.iwram0         0x03000564        0x0 load address 0x020010c8
 *(.iwram0)
                0x03000564                . = ALIGN (0x4)
                0x020010c8                PROVIDE (__load_start_iwram0, LOADADDR (.iwram0))
                0x020010c8                PROVIDE (__load_stop_iwram0, (LOADADDR (.iwram0) + SIZEOF (.iwram0)))

.iwram1         0x03000564        0x0
 *(.iwram1)
                0x03000564                . = ALIGN (0x4)
                [!provide]                PROVIDE (__load_start_iwram1, LOADADDR (.iwram1))
                [!provide]                PROVIDE (__load_stop_iwram1, (LOADADDR (.iwram1) + SIZEOF (.iwram1)))

.iwram2         0x03000564        0x0
 *(.iwram2)
                0x03000564                . = ALIGN (0x4)
                [!provide]                PROVIDE (__load_start_iwram2, LOADADDR (.iwram2))
                [!provide]                PROVIDE (__load_stop_iwram2, (LOADADDR (.iwram2) + SIZEOF (.iwram2)))

.iwram3         0x03000564        0x0
 *(.iwram3)
                0x03000564                . = ALIGN (0x4)
                [!provide]                PROVIDE (__load_start_iwram3, LOADADDR (.iwram3))
                [!provide]                PROVIDE (__load_stop_iwram3, (LOADADDR (.iwram3) + SIZEOF (.iwram3)))

.iwram4         0x03000564        0x0
 *(.iwram4)
                0x03000564                . = ALIGN (0x4)
                [!provide]                PROVIDE (__load_start_iwram4, LOADADDR (.iwram4))
                [!provide]                PROVIDE (__load_stop_iwram4, (LOADADDR (.iwram4) + SIZEOF (.iwram4)))

.iwram5         0x03000564        0x0
 *(.iwram5)
                0x03000564                . = ALIGN (0x4)
                [!provide]                PROVIDE (__load_start_iwram5, LOADADDR (.iwram5))
                [!provide]                PROVIDE (__load_stop_iwram5, (LOADADDR (.iwram5) + SIZEOF (.iwram5)))

.iwram6         0x03000564        0x0
 *(.iwram6)
                0x03000564                . = ALIGN (0x4)
                [!provide]                PROVIDE (__load_start_iwram6, LOADADDR (.iwram6))
                [!provide]                PROVIDE (__load_stop_iwram6, (LOADADDR (.iwram6) + SIZEOF (.iwram6)))

.iwram7         0x03000564        0x0
 *(.iwram7)
                0x03000564                . = ALIGN (0x4)
                [!provide]                PROVIDE (__load_start_iwram7, LOADADDR (.iwram7))
                [!provide]                PROVIDE (__load_stop_iwram7, (LOADADDR (.iwram7) + SIZEOF (.iwram7)))

.iwram8         0x03000564        0x0
 *(.iwram8)
                0x03000564                . = ALIGN (0x4)
                [!provide]                PROVIDE (__load_start_iwram8, LOADADDR (.iwram8))
                [!provide]                PROVIDE (__load_stop_iwram8, (LOADADDR (.iwram8) + SIZEOF (.iwram8)))

.iwram9         0x03000564        0x0
 *(.iwram9)
                0x03000564                . = ALIGN (0x4)
                [!provide]                PROVIDE (__load_start_iwram9, LOADADDR (.iwram9))
                [!provide]                PROVIDE (__load_stop_iwram9, (LOADADDR (.iwram9) + SIZEOF (.iwram9)))
                0x020010c8                __ewram_lma = ((((((((((LOADADDR (.iwram0) + SIZEOF (.iwram0)) + SIZEOF (.iwram1)) + SIZEOF (.iwram2)) + SIZEOF (.iwram3)) + SIZEOF (.iwram4)) + SIZEOF (.iwram5)) + SIZEOF (.iwram6)) + SIZEOF (.iwram7)) + SIZEOF (.iwram8)) + SIZEOF (.iwram9))
                0x020010c8                __iwram_overlay_end = __ewram_lma
                0x020010c8                __ewram_start = __ewram_lma

.ewram          0x020010c8        0x0
 *(.ewram)
                0x020010c8                . = ALIGN (0x4)
                0x020010c8                __ewram_end = ABSOLUTE (.)
                0x020010c8                __ewram_overlay_lma = (__ewram_lma + SIZEOF (.ewram))

.sbss           0x020010c8        0x0
                0x020010c8                __sbss_start__ = ABSOLUTE (.)
 *(.sbss)
                0x020010c8                . = ALIGN (0x4)
                0x020010c8                __sbss_end__ = ABSOLUTE (.)
                0x020010c8                __end__ = ABSOLUTE (.)
                0x020010c8                __eheap_start = ABSOLUTE (.)

.ewram0         0x020010c8        0x0
 *(.ewram0)
                0x020010c8                . = ALIGN (0x4)
                [!provide]                PROVIDE (__load_start_ewram0, LOADADDR (.ewram0))
                [!provide]                PROVIDE (__load_stop_ewram0, (LOADADDR (.ewram0) + SIZEOF (.ewram0)))

.ewram1         0x020010c8        0x0
 *(.ewram1)
                0x020010c8                . = ALIGN (0x4)
                [!provide]                PROVIDE (__load_start_ewram1, LOADADDR (.ewram1))
                [!provide]                PROVIDE (__load_stop_ewram1, (LOADADDR (.ewram1) + SIZEOF (.ewram1)))

.ewram2         0x020010c8        0x0
 *(.ewram2)
                0x020010c8                . = ALIGN (0x4)
                [!provide]                PROVIDE (__load_start_ewram2, LOADADDR (.ewram2))
                [!provide]                PROVIDE (__load_stop_ewram2, (LOADADDR (.ewram2) + SIZEOF (.ewram2)))

.ewram3         0x020010c8        0x0
 *(.ewram3)
                0x020010c8                . = ALIGN (0x4)
                [!provide]                PROVIDE (__load_start_ewram3, LOADADDR (.ewram3))
                [!provide]                PROVIDE (__load_stop_ewram3, (LOADADDR (.ewram3) + SIZEOF (.ewram3)))

.ewram4         0x020010c8        0x0
 *(.ewram4)
                0x020010c8                . = ALIGN (0x4)
                [!provide]                PROVIDE (__load_start_ewram4, LOADADDR (.ewram4))
                [!provide]                PROVIDE (__load_stop_ewram4, (LOADADDR (.ewram4) + SIZEOF (.ewram4)))

.ewram5         0x020010c8        0x0
 *(.ewram5)
                0x020010c8                . = ALIGN (0x4)
                [!provide]                PROVIDE (__load_start_ewram5, LOADADDR (.ewram5))
                [!provide]                PROVIDE (__load_stop_ewram5, (LOADADDR (.ewram5) + SIZEOF (.ewram5)))

.ewram6         0x020010c8        0x0
 *(.ewram6)
                0x020010c8                . = ALIGN (0x4)
                [!provide]                PROVIDE (__load_start_ewram6, LOADADDR (.ewram6))
                [!provide]                PROVIDE (__load_stop_ewram6, (LOADADDR (.ewram6) + SIZEOF (.ewram6)))

.ewram7         0x020010c8        0x0
 *(.ewram7)
                0x020010c8                . = ALIGN (0x4)
                [!provide]                PROVIDE (__load_start_ewram7, LOADADDR (.ewram7))
                [!provide]                PROVIDE (__load_stop_ewram7, (LOADADDR (.ewram7) + SIZEOF (.ewram7)))

.ewram8         0x020010c8        0x0
 *(.ewram8)
                0x020010c8                . = ALIGN (0x4)
                [!provide]                PROVIDE (__load_start_ewram8, LOADADDR (.ewram8))
                [!provide]                PROVIDE (__load_stop_ewram8, (LOADADDR (.ewram8) + SIZEOF (.ewram8)))

.ewram9         0x020010c8        0x0
 *(.ewram9)
                0x020010c8                . = ALIGN (0x4)
                [!provide]                PROVIDE (__load_start_ewram9, LOADADDR (.ewram9))
                [!provide]                PROVIDE (__load_stop_ewram9, (LOADADDR (.ewram9) + SIZEOF (.ewram9)))
                0x020010c8                __ewram_overlay_end = ABSOLUTE (.)
                0x020010c8                __eheap_start = __ewram_overlay_end
                0x020010c8                _end = __ewram_overlay_end
                0x020010c8                __end__ = __ewram_overlay_end
                0x020010c8                __rom_end__ = __ewram_overlay_end

.stab
 *(.stab)

.stabstr
 *(.stabstr)

.stab.excl
 *(.stab.excl)

.stab.exclstr
 *(.stab.exclstr)

.stab.index
 *(.stab.index)

.stab.indexstr
 *(.stab.indexstr)

.comment        0x00000000       0x68
 *(.comment)
 .comment       0x00000000       0x22 c:/devkitpro/devkitarm/bin/../lib/gcc/arm-none-eabi/5.3.0/thumb/crtbegin.o
                                 0x23 (size before relaxing)
 .comment       0x00000022       0x23 blueslime.o
 .comment       0x00000022       0x23 drakee.o
 .comment       0x00000022       0x23 orangeslime.o
 .comment       0x00000022       0x23 sprites.o
 .comment       0x00000022       0x23 c:/devkitPro/libgba/lib\libgba.a(input.o)
 .comment       0x00000045       0x23 c:/devkitPro/libgba/lib\libgba.a(interrupt.o)
 .comment       0x00000068       0x23 c:/devkitpro/devkitarm/bin/../lib/gcc/arm-none-eabi/5.3.0/../../../../arm-none-eabi/lib/thumb\libg.a(lib_a-init.o)
 .comment       0x00000068       0x23 c:/devkitpro/devkitarm/bin/../lib/gcc/arm-none-eabi/5.3.0/../../../../arm-none-eabi/lib/thumb\libg.a(lib_a-memcpy.o)
 .comment       0x00000068       0x23 c:/devkitpro/devkitarm/bin/../lib/gcc/arm-none-eabi/5.3.0/../../../../arm-none-eabi/lib/thumb\libsysbase.a(malloc_vars.o)
 .comment       0x00000068       0x23 c:/devkitpro/devkitarm/bin/../lib/gcc/arm-none-eabi/5.3.0/thumb/crtend.o

.ARM.attributes
                0x00000000       0x2b
 .ARM.attributes
                0x00000000       0x16 c:/devkitpro/devkitarm/bin/../lib/gcc/arm-none-eabi/5.3.0/../../../../arm-none-eabi/lib/thumb/gba_crt0.o
 .ARM.attributes
                0x00000016       0x16 c:/devkitpro/devkitarm/bin/../lib/gcc/arm-none-eabi/5.3.0/thumb/crti.o
 .ARM.attributes
                0x0000002c       0x30 c:/devkitpro/devkitarm/bin/../lib/gcc/arm-none-eabi/5.3.0/thumb/crtbegin.o
 .ARM.attributes
                0x0000005c       0x2c blueslime.o
 .ARM.attributes
                0x00000088       0x2c drakee.o
 .ARM.attributes
                0x000000b4       0x2c orangeslime.o
 .ARM.attributes
                0x000000e0       0x2c sprites.o
 .ARM.attributes
                0x0000010c       0x2e c:/devkitPro/libgba/lib\libgba.a(input.o)
 .ARM.attributes
                0x0000013a       0x2e c:/devkitPro/libgba/lib\libgba.a(interrupt.o)
 .ARM.attributes
                0x00000168       0x1e c:/devkitPro/libgba/lib\libgba.a(InterruptDispatcher.o)
 .ARM.attributes
                0x00000186       0x30 c:/devkitpro/devkitarm/bin/../lib/gcc/arm-none-eabi/5.3.0/../../../../arm-none-eabi/lib/thumb\libg.a(lib_a-init.o)
 .ARM.attributes
                0x000001b6       0x30 c:/devkitpro/devkitarm/bin/../lib/gcc/arm-none-eabi/5.3.0/../../../../arm-none-eabi/lib/thumb\libg.a(lib_a-memcpy.o)
 .ARM.attributes
                0x000001e6       0x30 c:/devkitpro/devkitarm/bin/../lib/gcc/arm-none-eabi/5.3.0/../../../../arm-none-eabi/lib/thumb\libsysbase.a(malloc_vars.o)
 .ARM.attributes
                0x00000216       0x30 c:/devkitpro/devkitarm/bin/../lib/gcc/arm-none-eabi/5.3.0/thumb/crtend.o
 .ARM.attributes
                0x00000246       0x16 c:/devkitpro/devkitarm/bin/../lib/gcc/arm-none-eabi/5.3.0/thumb/crtn.o

.debug
 *(.debug)

.line
 *(.line)

.debug_srcinfo
 *(.debug_srcinfo)

.debug_sfnames
 *(.debug_sfnames)

.debug_aranges  0x00000000       0xd0
 *(.debug_aranges)
 .debug_aranges
                0x00000000       0x18 blueslime.o
 .debug_aranges
                0x00000018       0x18 drakee.o
 .debug_aranges
                0x00000030       0x18 orangeslime.o
 .debug_aranges
                0x00000048       0x28 sprites.o
 .debug_aranges
                0x00000070       0x20 c:/devkitPro/libgba/lib\libgba.a(input.o)
 .debug_aranges
                0x00000090       0x20 c:/devkitPro/libgba/lib\libgba.a(interrupt.o)
 .debug_aranges
                0x000000b0       0x20 c:/devkitPro/libgba/lib\libgba.a(InterruptDispatcher.o)

.debug_pubnames
                0x00000000      0x10f
 *(.debug_pubnames)
 .debug_pubnames
                0x00000000       0x65 c:/devkitPro/libgba/lib\libgba.a(input.o)
 .debug_pubnames
                0x00000065       0xaa c:/devkitPro/libgba/lib\libgba.a(interrupt.o)

.debug_info     0x00000000      0xf50
 *(.debug_info)
 .debug_info    0x00000000       0x74 blueslime.o
 .debug_info    0x00000074       0x74 drakee.o
 .debug_info    0x000000e8       0x74 orangeslime.o
 .debug_info    0x0000015c      0x7d4 sprites.o
 .debug_info    0x00000930      0x200 c:/devkitPro/libgba/lib\libgba.a(input.o)
 .debug_info    0x00000b30      0x38c c:/devkitPro/libgba/lib\libgba.a(interrupt.o)
 .debug_info    0x00000ebc       0x94 c:/devkitPro/libgba/lib\libgba.a(InterruptDispatcher.o)

.debug_abbrev   0x00000000      0x60b
 *(.debug_abbrev)
 .debug_abbrev  0x00000000       0x43 blueslime.o
 .debug_abbrev  0x00000043       0x43 drakee.o
 .debug_abbrev  0x00000086       0x43 orangeslime.o
 .debug_abbrev  0x000000c9      0x249 sprites.o
 .debug_abbrev  0x00000312      0x107 c:/devkitPro/libgba/lib\libgba.a(input.o)
 .debug_abbrev  0x00000419      0x1de c:/devkitPro/libgba/lib\libgba.a(interrupt.o)
 .debug_abbrev  0x000005f7       0x14 c:/devkitPro/libgba/lib\libgba.a(InterruptDispatcher.o)

.debug_line     0x00000000      0x5a1
 *(.debug_line)
 .debug_line    0x00000000       0x4f blueslime.o
 .debug_line    0x0000004f       0x4c drakee.o
 .debug_line    0x0000009b       0x51 orangeslime.o
 .debug_line    0x000000ec      0x1e3 sprites.o
 .debug_line    0x000002cf       0xd1 c:/devkitPro/libgba/lib\libgba.a(input.o)
 .debug_line    0x000003a0      0x165 c:/devkitPro/libgba/lib\libgba.a(interrupt.o)
 .debug_line    0x00000505       0x9c c:/devkitPro/libgba/lib\libgba.a(InterruptDispatcher.o)

.debug_frame    0x00000000      0x1d0
 *(.debug_frame)
 .debug_frame   0x00000000       0x78 sprites.o
 .debug_frame   0x00000078       0x80 c:/devkitPro/libgba/lib\libgba.a(input.o)
 .debug_frame   0x000000f8       0xd8 c:/devkitPro/libgba/lib\libgba.a(interrupt.o)

.debug_str      0x00000000      0x6f0
 *(.debug_str)
 .debug_str     0x00000000       0xd6 blueslime.o
 .debug_str     0x000000d6       0x42 drakee.o
                                 0xcd (size before relaxing)
 .debug_str     0x00000118       0x51 orangeslime.o
                                 0xdc (size before relaxing)
 .debug_str     0x00000169      0x3ed sprites.o
                                0x503 (size before relaxing)
 .debug_str     0x00000556       0x8e c:/devkitPro/libgba/lib\libgba.a(input.o)
                                0x11d (size before relaxing)
 .debug_str     0x000005e4      0x10c c:/devkitPro/libgba/lib\libgba.a(interrupt.o)
                                0x210 (size before relaxing)

.debug_loc      0x00000000      0x6df
 *(.debug_loc)
 .debug_loc     0x00000000      0x4c2 sprites.o
 .debug_loc     0x000004c2       0x89 c:/devkitPro/libgba/lib\libgba.a(input.o)
 .debug_loc     0x0000054b      0x194 c:/devkitPro/libgba/lib\libgba.a(interrupt.o)

.debug_macinfo
 *(.debug_macinfo)

.debug_weaknames
 *(.debug_weaknames)

.debug_funcnames
 *(.debug_funcnames)

.debug_typenames
 *(.debug_typenames)

.debug_varnames
 *(.debug_varnames)

.stack          0x00080000        0x0
                0x00080000                _stack = .
 *(.stack)
LOAD c:/devkitpro/devkitarm/bin/../lib/gcc/arm-none-eabi/5.3.0/../../../../arm-none-eabi/lib/thumb/gba_crt0.o
LOAD c:/devkitpro/devkitarm/bin/../lib/gcc/arm-none-eabi/5.3.0/thumb/crti.o
LOAD c:/devkitpro/devkitarm/bin/../lib/gcc/arm-none-eabi/5.3.0/thumb/crtbegin.o
LOAD blueslime.o
LOAD drakee.o
LOAD mouse.o
LOAD orangeslime.o
LOAD sprites.o
LOAD c:/devkitPro/libgba/lib\libgba.a
START GROUP
LOAD c:/devkitpro/devkitarm/bin/../lib/gcc/arm-none-eabi/5.3.0/thumb\libgcc.a
LOAD c:/devkitpro/devkitarm/bin/../lib/gcc/arm-none-eabi/5.3.0/../../../../arm-none-eabi/lib/thumb\libg.a
LOAD c:/devkitpro/devkitarm/bin/../lib/gcc/arm-none-eabi/5.3.0/../../../../arm-none-eabi/lib/thumb\libc.a
LOAD c:/devkitpro/devkitarm/bin/../lib/gcc/arm-none-eabi/5.3.0/../../../../arm-none-eabi/lib/thumb\libsysbase.a
END GROUP
LOAD c:/devkitpro/devkitarm/bin/../lib/gcc/arm-none-eabi/5.3.0/thumb/crtend.o
LOAD c:/devkitpro/devkitarm/bin/../lib/gcc/arm-none-eabi/5.3.0/thumb/crtn.o
OUTPUT(c:/users/sam/gbadev/sprites/sprites_mb.elf elf32-littlearm)

.debug_ranges   0x00000000       0xd8
 .debug_ranges  0x00000000       0x78 sprites.o
 .debug_ranges  0x00000078       0x60 c:/devkitPro/libgba/lib\libgba.a(interrupt.o)
